##fileformat=VCFv4.1
##fileDate=14/07/2021
##source=umiVar2
##reference=chr7.fa
##INFO=<ID=Variant_Dist,Number=1,Type=Integer,Description="Distance to the closest short variant">
##INFO=<ID=Upstream,Number=.,Type=String,Description="Upstream sequence (5 nucleotides)">
##INFO=<ID=Downstream,Number=.,Type=String,Description="Downstream sequence (5 nucleotides)">
##INFO=<ID=PValue,Number=.,Type=String,Description="Uncorrected p-value">
##FILTER=<ID=PASS,Description="Passed filter">
##FILTER=<ID=Low_COV,Description="Low coverage">
##FILTER=<ID=Strand_imbalanced,Description="All alternative reads found in only one strand">
##FILTER=<ID=Low_AC,Description="Less than defined minimum of alternative counts">
##FILTER=<ID=Clustered_Variant,Description="Clustered variants">
##FILTER=<ID=LC_Upstream,Description="Low complexity region (5bps) upstream. ≥ 80% of bases show the same nucleotide or tandem of ≥ 3 equal nucleotides in a row">
##FILTER=<ID=LC_Downstream,Description="Low complexity region (5bps) downstream. ≥ 80% of bases show the same nucleotide  or tandem of ≥ 3 equal nucleotides in a row">
##FILTER=<ID=Error,Description="Alternative counts inside the expected error rate distribution">
##FILTER=<ID=Fisher_Strand,Description="Strand bias based on fisher test">
##FILTER=<ID=Low_qual_pos,Description="Position enriched with too many low quality bases">
##FILTER=<ID=Variant_contamination,Description="Reads supporting other alleles outside of the error rate distribution">
##FORMAT=<ID=GT,Number=1,Type=String,Description="Genotype">
##FORMAT=<ID=DP,Number=1,Type=Integer,Description="Read Depth">
##FORMAT=<ID=AC,Number=.,Type=Integer,Description="Allele read counts">
##FORMAT=<ID=AF,Number=1,Type=Float,Description="Alternative allele fraction">
##FORMAT=<ID=M_REF,Number=1,Type=Integer,Description="Multi-UMI reference-like read counts">
##FORMAT=<ID=M_AC,Number=.,Type=Integer,Description="Multi-UMI alternative read counts">
##FORMAT=<ID=M_AF,Number=1,Type=Float,Description="Multi-UMI alternative allele fraction">
##FORMAT=<ID=Pval,Number=1,Type=Float,Description="P-value to belong to the error rate distribution (beta binomial distribution)">
##FORMAT=<ID=FDR,Number=1,Type=Float,Description="Q-value to belong to the error rate distribution (beta binomial distribution) after Benjamini-Hochberg correction (FDR)">
##FORMAT=<ID=Strand,Number=1,Type=String,Description="Alleles in strands: Alternative forward, Alternative reverse, Reference forward, Reference reverse">
##FORMAT=<ID=FS,Number=1,Type=Float,Description="Fisher strand bias test (q-value)">
##FORMAT=<ID=OAAC,Number=1,Type=Integer,Description="Other Alternative Allele Count = count of reads showing a different alternative allele">
##FORMAT=<ID=MAL,Number=1,Type=Float,Description="Multi-allele likelihood = Q-value (FDR) for other alternative alleles to belong to the error rate distribution (beta binomial distribution)">
#CHROM	POS	ID	REF	ALT	QUAL	FILTER	INFO	FORMAT	CFDNA_02
chr7	137029838	.	T	C	.	PASS	Variant_dist=24;Vicinity=ACTTCTGTGTG	GT:DP:AC:AF:M_REF:M_AC:M_AF:Pval:FDR:Strand:FS:OAAC:MAL	0/1:5055:12040:0.41985:4525:3318:0.423052:3.62e-41:5.81e-38:2947-2108-4110-2871:1.00e+00:4:1.00e+00
chr7	140453136	.	A	T	.	PASS	Variant_dist=13;Vicinity=ATTTCACTGTA	GT:DP:AC:AF:M_REF:M_AC:M_AF:Pval:FDR:Strand:FS:OAAC:MAL	0/1:2841:8966:0.316864:4320:1974:0.313632:0.00e+00:0.00e+00:1313-1528-3059-3065:1.00e+00:1:1.00e+00
