#MRD_log10	MRD_pval	SUM_DP	SUM_ALT	Mean_AF	Median_AF
20.0	1.00e-20	24544	1599	0.065148	0.046232
