CHROM	POS	REF	ALT	DP_HQ	REF_COUNT	ALT_COUNT	AF	Multi_REF	Multi_ALT	Multi_AF	Pval	FDR	STRAND	FISHER	OAAC	MAL	Sequence_Context	Homopolymer	FILTER
chr7	124392329	T	A	1264	1249	14	0.011076	954	2	0.002092	8.83e-06	1.42e-02	14-0-1244-5	1.00e+00	1	1.00e+00	CACAATGCTAT	0	Strand_Imbalanced
chr7	124392347	C	A	1631	1629	2	0.001226	1221	1	0.000818	3.23e-01	1.00e+00	2-0-1621-8	1.00e+00	0	1.00e+00	TGTGTCTTGTT	0	pvalue;FDR;Strand_Imbalanced;Low_AC
chr7	124392350	G	T	1726	1719	6	0.003476	1290	2	0.001548	4.99e-03	1.00e+00	6-0-1707-12	1.00e+00	1	1.00e+00	GTCTTGTTTTT	1	FDR;Homopolymer;Low_Complexity;Strand_Imbalanced
chr7	124392360	GA	G	2151	2147	4	0.00186	1608	3	0.001862	3.12e-02	1.00e+00	0-4-2029-118	1.58e-02	0	1.00e+00	TAAGAGAGAAA	0	FDR;Strand_Imbalanced;Low_AC
chr7	124392372	G	A	3080	3079	1	0.000325	2300	1	0.000435	4.18e-01	1.00e+00	1-0-2495-584	1.00e+00	0	1.00e+00	AGAGAGAATCT	0	pvalue;FDR;Low_AF;Strand_Imbalanced;Low_AC
chr7	124392375	T	A	3299	3294	4	0.001212	2456	1	0.000407	1.08e-02	1.00e+00	4-0-2596-698	1.00e+00	1	1.00e+00	GAGAATCTATA	0	FDR;Strand_Imbalanced;Low_AC
chr7	124392390	G	T	4382	4380	1	0.000228	3247	1	0.000308	3.42e-01	1.00e+00	1-0-3040-1340	1.00e+00	1	1.00e+00	ATACTGTAGCT	0	pvalue;FDR;Low_AF;Strand_Imbalanced;Low_AC;Variant_Contamination
chr7	124392393	G	T	4669	4667	2	0.000428	3445	1	0.00029	2.05e-01	1.00e+00	2-0-3155-1512	1.00e+00	0	1.00e+00	CTGTAGCTGCT	0	pvalue;FDR;Low_AF;Strand_Imbalanced;Low_AC
chr7	124392396	G	T	4961	4958	3	0.000605	3643	2	0.000549	4.17e-01	1.00e+00	3-0-3322-1636	1.00e+00	0	1.00e+00	TAGCTGCTGCT	0	pvalue;FDR;Low_AF;Strand_Imbalanced;Low_AC
chr7	124392397	C	A	5048	5046	2	0.000396	3685	1	0.000271	5.99e-01	1.00e+00	2-0-3367-1679	1.00e+00	0	1.00e+00	AGCTGCTGCTG	0	pvalue;FDR;Low_AF;Strand_Imbalanced;Low_AC
chr7	124392403	G	T	5566	5562	4	0.000719	4061	2	0.000492	3.48e-01	1.00e+00	0-4-3582-1980	1.00e+00	0	1.00e+00	TGCTGGGAACA	0	pvalue;FDR;Low_AF;Strand_Imbalanced;Low_AC
chr7	124392412	A	T	6288	6287	1	0.000159	4552	1	0.00022	2.86e-01	1.00e+00	0-1-3833-2454	1.00e+00	0	1.00e+00	CAATGATGAAT	0	pvalue;FDR;Low_AF;Strand_Imbalanced;Low_AC
chr7	124392413	T	G	6353	6352	1	0.000157	4611	1	0.000217	2.74e-01	1.00e+00	0-1-3791-2561	1.00e+00	0	1.00e+00	AATGATGAATA	0	pvalue;FDR;Low_AF;Strand_Imbalanced;Low_AC
chr7	124392427	AT	A	7387	7375	8	0.001083	5337	2	0.000375	1.32e-02	1.00e+00	3-5-4264-3111	1.00e+00	4	1.01e-01	CAGGAATTTTA	0	FDR;Low_Complexity;Variant_Contamination
chr7	124392434	C	A	7821	7817	4	0.000511	5639	2	0.000355	3.46e-02	1.00e+00	4-0-4354-3463	1.00e+00	0	1.00e+00	TTTATCCTCAA	0	FDR;Low_AF;Strand_Imbalanced;Low_AC
chr7	124392435	C	A	7861	7857	3	0.000382	5684	1	0.000176	5.94e-01	1.00e+00	2-1-4366-3491	1.00e+00	1	1.00e+00	TTATCCTCAAG	0	pvalue;FDR;Low_AF;Strand_Imbalanced;Low_AC
chr7	124392437	C	A	8056	8045	5	0.000621	5794	1	0.000173	4.59e-01	1.00e+00	3-2-4469-3576	1.00e+00	6	1.00e+00	ATCCTCAAGAG	0	pvalue;FDR;Low_AF;Variant_Contamination
chr7	124392439	A	C	8352	8350	1	0.00012	5976	1	0.000167	1.94e-01	1.00e+00	0-1-4668-3682	1.00e+00	1	1.00e+00	CCTCAAGAGGT	0	pvalue;FDR;Low_AF;Strand_Imbalanced;Low_AC;Variant_Contamination
chr7	124392448	G	T	8847	8842	4	0.000452	6374	1	0.000157	1.13e-01	1.00e+00	0-4-4781-4061	1.00e+00	1	1.00e+00	GTCTGGAATCT	0	pvalue;FDR;Low_AF;Strand_Imbalanced;Low_AC
chr7	124392451	T	C	9058	9050	6	0.000662	6430	4	0.000622	1.90e-02	1.00e+00	3-3-4830-4220	1.00e+00	2	1.00e+00	TGGAATCTATG	0	FDR;Low_AF
chr7	124392452	C	A	8945	8944	1	0.000112	6442	1	0.000155	8.61e-01	1.00e+00	1-0-4793-4151	1.00e+00	0	1.00e+00	GGAATCTATGA	0	pvalue;FDR;Low_AF;Strand_Imbalanced;Low_AC
chr7	124392455	T	C	9079	9071	7	0.000771	6464	2	0.000309	1.32e-02	1.00e+00	6-1-4763-4308	1.00e+00	1	1.00e+00	ATCTATGACAG	0	FDR;Low_AF;Strand_Imbalanced
chr7	124392460	G	T	9045	9040	3	0.000332	6497	2	0.000308	1.15e-02	1.00e+00	0-3-4744-4296	1.00e+00	2	1.00e+00	TGACAGAACTT	0	FDR;Low_AF;Strand_Imbalanced;Low_AC;Clustered_Variant;Variant_Contamination
chr7	124392463	C	T	8949	8920	28	0.003129	6394	22	0.003429	1.31e-07	7.00e-05	14-14-4656-4264	1.00e+00	1	1.00e+00	CAGAACTTCTC	0	PASS
chr7	124392468	C	A	8829	8824	5	0.000566	6331	1	0.000158	4.88e-01	1.00e+00	5-0-4632-4192	1.00e+00	0	1.00e+00	CTTCTCGACTA	0	pvalue;FDR;Low_AF;Strand_Imbalanced
chr7	124392473	AT	A	8897	8888	6	0.000674	6298	5	0.000793	2.51e-03	2.51e-01	6-0-4751-4137	1.00e+00	3	1.00e+00	CGACTATCTCC	0	FDR;Low_AF;Strand_Imbalanced;Variant_Contamination
chr7	124392478	C	A	8813	8809	4	0.000454	6279	2	0.000318	4.83e-01	1.00e+00	1-3-4708-4101	1.00e+00	0	1.00e+00	ATCTCCCACCT	0	pvalue;FDR;Low_AF;Strand_Imbalanced;Low_AC
chr7	124392479	C	A	8789	8786	3	0.000341	6273	1	0.000159	2.29e-01	1.00e+00	3-0-4697-4089	1.00e+00	0	1.00e+00	TCTCCCACCTG	0	pvalue;FDR;Low_AF;Strand_Imbalanced;Low_AC
chr7	124392485	C	A	8610	8606	4	0.000465	6164	1	0.000162	5.45e-01	1.00e+00	3-1-4570-4036	1.00e+00	0	1.00e+00	ACCTGCTACCA	0	pvalue;FDR;Low_AF;Strand_Imbalanced;Low_AC
chr7	124392488	C	A	8560	8555	5	0.000584	6161	2	0.000325	4.07e-01	1.00e+00	3-2-4514-4041	1.00e+00	0	1.00e+00	TGCTACCATGC	0	pvalue;FDR;Low_AF
chr7	124392489	C	A	8562	8558	4	0.000467	6168	1	0.000162	5.41e-01	1.00e+00	3-1-4498-4060	1.00e+00	0	1.00e+00	GCTACCATGCA	0	pvalue;FDR;Low_AF;Strand_Imbalanced;Low_AC
chr7	124392512	C	T	8233	4601	3631	0.44103	3277	2608	0.443161	0.00e+00	0.00e+00	1934-1697-2431-2170	1.00e+00	1	1.00e+00	CTTTACATATG	0	PASS
chr7	124392517	G	T	8417	8413	2	0.000238	6010	2	0.000333	7.20e-01	1.00e+00	2-0-4441-3972	1.00e+00	2	1.00e+00	CATATGGAATC	0	pvalue;FDR;Low_AF;Strand_Imbalanced;Low_AC;Variant_Contamination
chr7	124392521	T	G	8516	8510	3	0.000352	6029	2	0.000332	1.09e-01	1.00e+00	0-3-4384-4126	1.00e+00	3	1.00e+00	TGGAATCACTC	0	pvalue;FDR;Low_AF;Strand_Imbalanced;Low_AC;Variant_Contamination
chr7	124392524	C	A	8456	8453	2	0.000237	6013	1	0.000166	7.07e-01	1.00e+00	1-1-4404-4049	1.00e+00	1	1.00e+00	AATCACTCATT	0	pvalue;FDR;Low_AF;Strand_Imbalanced;Low_AC;Variant_Contamination
chr7	124392535	C	A	8289	8288	1	0.000121	5928	1	0.000169	2.43e-01	1.00e+00	0-1-4258-4030	1.00e+00	0	1.00e+00	ACAGTCTACTA	0	pvalue;FDR;Low_AF;Strand_Imbalanced;Low_AC
chr7	124392542	G	T	8501	8496	4	0.000471	6033	2	0.000331	4.74e-01	1.00e+00	2-2-4284-4212	1.00e+00	1	1.00e+00	ACTAGGCAGAG	0	pvalue;FDR;Low_AF;Low_AC
chr7	124392543	C	A	8497	8490	5	0.000588	5988	3	0.000501	3.76e-01	1.00e+00	3-2-4315-4175	1.00e+00	2	1.00e+00	CTAGGCAGAGA	0	pvalue;FDR;Low_AF
chr7	124392549	G	A	8667	8665	1	0.000115	6112	1	0.000164	2.19e-01	1.00e+00	0-1-4395-4270	1.00e+00	1	1.00e+00	AGAGAGGATTG	0	pvalue;FDR;Low_AF;Strand_Imbalanced;Low_AC;Variant_Contamination
chr7	124392554	G	T	8715	8713	2	0.000229	6120	2	0.000327	7.23e-01	1.00e+00	1-1-4422-4291	1.00e+00	0	1.00e+00	GGATTGACTAA	0	pvalue;FDR;Low_AF;Strand_Imbalanced;Low_AC
chr7	124392556	C	A	8758	8754	4	0.000457	6160	3	0.000487	4.61e-01	1.00e+00	2-2-4468-4286	1.00e+00	0	1.00e+00	ATTGACTAACA	0	pvalue;FDR;Low_AF;Low_AC
chr7	124392570	C	A	9092	9088	3	0.00033	6420	1	0.000156	6.35e-01	1.00e+00	2-1-4445-4643	1.00e+00	1	1.00e+00	TCTGGCATGCT	0	pvalue;FDR;Low_AF;Strand_Imbalanced;Low_AC
chr7	124392576	C	A	9055	9054	1	0.00011	6393	1	0.000156	8.61e-01	1.00e+00	0-1-4353-4701	1.00e+00	0	1.00e+00	ATGCTCACTGT	0	pvalue;FDR;Low_AF;Strand_Imbalanced;Low_AC
chr7	124392580	G	T	8860	8858	2	0.000226	6256	1	0.00016	7.16e-01	1.00e+00	2-0-4135-4723	1.00e+00	0	1.00e+00	TCACTGTGACT	0	pvalue;FDR;Low_AF;Strand_Imbalanced;Low_AC
chr7	124392585	TC	T	8778	8749	24	0.002734	6143	4	0.000651	1.21e-02	1.00e+00	9-15-3972-4777	1.00e+00	5	1.00e+00	GTGACTCCCCT	0	FDR;Low_Complexity
chr7	124392588	C	A	8426	8424	2	0.000237	6043	1	0.000165	7.06e-01	1.00e+00	2-0-3780-4644	1.00e+00	0	1.00e+00	ACTCCCCTTGA	0	pvalue;FDR;Low_Complexity;Low_AF;Strand_Imbalanced;Low_AC
chr7	124392589	C	CA	8418	8411	2	0.000238	6006	1	0.000166	1.05e-01	1.00e+00	0-2-3741-4670	1.00e+00	5	1.00e+00	CTCCCCTTGAT	0	pvalue;FDR;Low_Complexity;Low_AF;Strand_Imbalanced;Low_AC;Variant_Contamination
chr7	124392589	C	CT	8418	8411	2	0.000238	6006	1	0.000166	1.05e-01	1.00e+00	0-2-3741-4670	1.00e+00	5	1.00e+00	CTCCCCTTGAT	0	pvalue;FDR;Low_Complexity;Low_AF;Strand_Imbalanced;Low_AC;Variant_Contamination
chr7	124392606	C	A	7297	7290	7	0.000959	5252	1	0.00019	3.17e-01	1.00e+00	4-3-2905-4385	1.00e+00	0	1.00e+00	CATATCCATGT	0	pvalue;FDR;Low_AF
chr7	124392617	T	C	6717	6710	2	0.000298	4770	2	0.000419	9.34e-02	1.00e+00	1-1-2465-4245	1.00e+00	5	1.00e+00	TTGCCTGGAGA	0	FDR;Low_AF;Strand_Imbalanced;Low_AC;Variant_Contamination
chr7	124392622	A	T	6199	6195	3	0.000484	4469	1	0.000224	5.70e-02	1.00e+00	3-0-2186-4009	1.00e+00	1	1.00e+00	TGGAGACTGCA	0	FDR;Low_AF;Strand_Imbalanced;Low_AC
chr7	124392627	A	AT	5865	5856	6	0.001023	4229	5	0.001181	2.57e-02	1.00e+00	6-0-1961-3895	1.00e+00	3	1.00e+00	ACTGCAGTTGA	0	FDR;Strand_Imbalanced;Variant_Contamination
chr7	124392634	A	T	5255	5253	2	0.000381	3795	2	0.000527	1.78e-01	1.00e+00	2-0-1604-3649	1.00e+00	0	1.00e+00	TTGAGAATCAC	0	pvalue;FDR;Low_AF;Strand_Imbalanced;Low_AC
chr7	124392639	C	A	4691	4687	2	0.000426	3442	2	0.000581	6.10e-01	1.00e+00	1-1-1262-3425	1.00e+00	2	1.00e+00	AATCACTAGTT	0	pvalue;FDR;Low_AF;Strand_Imbalanced;Low_AC;Variant_Contamination
chr7	124392655	G	T	3353	3349	3	0.000895	2495	1	0.000401	3.56e-01	1.00e+00	0-3-538-2811	1.00e+00	1	1.00e+00	AGATTGGAAGA	0	pvalue;FDR;Low_AF;Strand_Imbalanced;Low_AC
chr7	124392661	C	A	2887	2882	3	0.001039	2145	2	0.000932	2.74e-01	1.00e+00	1-2-307-2575	1.00e+00	2	1.00e+00	GAAGACAAACA	0	pvalue;FDR;Strand_Imbalanced;Low_AC;Variant_Contamination
chr7	124392664	AC	A	2644	2643	1	0.000378	1980	1	0.000505	3.24e-01	1.00e+00	0-1-197-2446	1.00e+00	0	1.00e+00	GACAAACATAA	0	pvalue;FDR;Low_AF;Strand_Imbalanced;Low_AC
chr7	124392710	C	A	1099	1098	1	0.00091	836	1	0.001195	5.82e-01	1.00e+00	0-1-4-1094	1.00e+00	0	1.00e+00	TCTAACTAACT	0	pvalue;FDR;Low_AF;Strand_Imbalanced;Low_AC
chr7	137029688	C	A	1845	1844	1	0.000542	1326	1	0.000754	6.56e-01	1.00e+00	1-0-1832-12	1.00e+00	0	1.00e+00	ATGCACTTACA	0	pvalue;FDR;Low_AF;Strand_Imbalanced;Low_AC
chr7	137029692	C	A	1960	1959	1	0.00051	1413	1	0.000707	6.67e-01	1.00e+00	1-0-1943-16	1.00e+00	0	1.00e+00	ACTTACACACC	0	pvalue;FDR;Low_AF;Strand_Imbalanced;Low_AC
chr7	137029694	C	A	2067	2064	3	0.001451	1488	1	0.000672	2.37e-01	1.00e+00	3-0-2029-35	1.00e+00	0	1.00e+00	TTACACACCTA	0	pvalue;FDR;Strand_Imbalanced;Low_AC
chr7	137029696	C	A	2132	2131	1	0.000469	1546	1	0.000646	6.81e-01	1.00e+00	1-0-2076-55	1.00e+00	0	1.00e+00	ACACACCTACA	0	pvalue;FDR;Low_AF;Strand_Imbalanced;Low_AC
chr7	137029698	T	C	2237	2235	1	0.000447	1641	1	0.000609	2.19e-01	1.00e+00	1-0-2129-106	1.00e+00	1	1.00e+00	ACACCTACAAT	0	pvalue;FDR;Low_AF;Strand_Imbalanced;Low_AC;Variant_Contamination
chr7	137029707	TC	T	2918	2043	875	0.299863	1457	650	0.308495	0.00e+00	0.00e+00	768-107-1794-249	1.00e+00	0	1.00e+00	ATTTATCCCCC	1	Homopolymer;Low_Complexity
chr7	137029730	T	TCC	4970	4969	1	0.000201	3564	1	0.000281	3.77e-01	1.00e+00	1-0-3622-1347	1.00e+00	0	1.00e+00	TCATATACATA	0	pvalue;FDR;Low_AF;Strand_Imbalanced;Low_AC
chr7	137029732	C	A	5211	5210	1	0.000192	3708	1	0.00027	8.04e-01	1.00e+00	0-1-3773-1437	1.00e+00	0	1.00e+00	ATATACATACC	0	pvalue;FDR;Low_AF;Strand_Imbalanced;Low_AC
chr7	137029747	T	C	6388	6386	2	0.000313	4473	2	0.000447	1.43e-01	1.00e+00	1-1-4387-1999	1.00e+00	0	1.00e+00	ACAATTCTCAA	0	pvalue;FDR;Low_AF;Strand_Imbalanced;Low_AC
chr7	137029753	A	G	6949	6946	1	0.000144	4861	1	0.000206	2.42e-01	1.00e+00	1-0-4718-2228	1.00e+00	2	1.00e+00	CTCAAATGAAA	0	pvalue;FDR;Low_AF;Strand_Imbalanced;Low_AC;Variant_Contamination
chr7	137029761	A	AT	7714	7711	1	0.00013	5359	1	0.000187	4.13e-01	1.00e+00	0-1-5074-2637	1.00e+00	2	1.00e+00	AAATAACTAAA	0	pvalue;FDR;Low_AF;Strand_Imbalanced;Low_AC;Variant_Contamination
chr7	137029770	G	A	8434	8432	2	0.000237	5934	2	0.000337	4.00e-01	1.00e+00	1-1-5447-2985	1.00e+00	0	1.00e+00	AATAAGGAAGC	0	pvalue;FDR;Low_AF;Strand_Imbalanced;Low_AC
chr7	137029774	GCTGT	G	8885	8879	2	0.000225	6167	1	0.000162	1.11e-01	1.00e+00	0-2-5620-3259	1.00e+00	4	1.00e+00	AGGAAGCTGTG	0	pvalue;FDR;Low_AF;Strand_Imbalanced;Low_AC;Variant_Contamination
chr7	137029775	C	A	8947	8941	6	0.000671	6189	2	0.000323	3.70e-01	1.00e+00	4-2-5644-3297	1.00e+00	0	1.00e+00	GGAAGCTGTGT	0	pvalue;FDR;Low_AF
chr7	137029782	C	A	9590	9588	2	0.000209	6584	1	0.000152	7.26e-01	1.00e+00	2-0-5984-3604	1.00e+00	0	1.00e+00	GTGTTCCTTTC	0	pvalue;FDR;Low_AF;Strand_Imbalanced;Low_AC
chr7	137029786	T	C	9997	9996	1	0.0001	6795	1	0.000147	2.80e-01	1.00e+00	1-0-6137-3859	1.00e+00	0	1.00e+00	TCCTTTCTCCT	0	pvalue;FDR;Low_Complexity;Low_AF;Strand_Imbalanced;Low_AC
chr7	137029793	C	A	10399	10396	3	0.000288	7054	2	0.000283	5.99e-01	1.00e+00	2-1-6393-4003	1.00e+00	0	1.00e+00	TCCTACACACA	0	pvalue;FDR;Low_AF;Strand_Imbalanced;Low_AC
chr7	137029795	C	A	10358	10357	1	0.000097	7005	1	0.000143	8.64e-01	1.00e+00	1-0-6351-4006	1.00e+00	0	1.00e+00	CTACACACAGG	0	pvalue;FDR;Low_AF;Strand_Imbalanced;Low_AC
chr7	137029803	T	C	10695	10692	1	0.000094	7163	1	0.00014	3.58e-01	1.00e+00	1-0-6499-4193	1.00e+00	2	1.00e+00	AGGCTTCAGGT	0	pvalue;FDR;Low_AF;Strand_Imbalanced;Low_AC;Variant_Contamination
chr7	137029807	G	A	10806	10799	2	0.000185	7254	1	0.000138	1.76e-01	1.00e+00	0-2-6627-4172	1.00e+00	5	1.00e+00	TTCAGGTTACC	0	pvalue;FDR;Low_AF;Strand_Imbalanced;Low_AC;Variant_Contamination
chr7	137029814	GT	G	11106	11067	37	0.003332	7369	9	0.00122	2.56e-05	3.42e-03	15-22-6773-4294	1.00e+00	2	1.00e+00	TACCTGTTTTC	0	Low_Complexity
chr7	137029817	T	G	11222	11217	5	0.000446	7429	2	0.000269	7.74e-02	1.00e+00	0-5-6878-4339	1.00e+00	0	1.00e+00	CTGTTTTCCTT	0	FDR;Low_Complexity;Low_AF;Strand_Imbalanced;Clustered_Variant
chr7	137029818	T	A	11288	11284	4	0.000354	7425	2	0.000269	5.48e-02	1.00e+00	1-3-6932-4352	1.00e+00	0	1.00e+00	TGTTTTCCTTT	0	FDR;Low_Complexity;Low_AF;Strand_Imbalanced;Low_AC;Clustered_Variant
chr7	137029820	CT	C	11206	11176	28	0.002499	7475	8	0.001069	1.34e-03	1.43e-01	10-18-6841-4335	1.00e+00	2	1.00e+00	TTTTCCTTTTG	0	FDR;Low_Complexity
chr7	137029826	T	C	11717	11715	2	0.000171	7655	2	0.000261	2.39e-01	1.00e+00	1-1-7096-4619	1.00e+00	0	1.00e+00	TTTTGTGATTC	0	pvalue;FDR;Low_Complexity;Low_AF;Strand_Imbalanced;Low_AC
chr7	137029834	C	A	12372	12365	5	0.000404	8114	1	0.000123	5.98e-01	1.00e+00	3-2-7343-5022	1.00e+00	2	1.00e+00	TTCCACTTCTG	0	pvalue;FDR;Low_AF;Clustered_Variant
chr7	137029835	T	G	12519	12501	12	0.000959	8168	5	0.000612	3.35e-02	1.00e+00	9-3-7403-5098	1.00e+00	6	2.09e-01	TCCACTTCTGT	0	FDR;Low_AF;Clustered_Variant;Variant_Contamination
chr7	137029837	C	A	12276	12272	3	0.000244	8067	1	0.000124	6.95e-01	1.00e+00	3-0-7289-4983	1.00e+00	1	1.00e+00	CACTTCTGTGT	0	pvalue;FDR;Low_AF;Strand_Imbalanced;Low_AC;Clustered_Variant
chr7	137029838	T	C	12040	6981	5055	0.41985	4525	3318	0.423052	3.62e-41	5.81e-38	2947-2108-4110-2871	1.00e+00	4	1.00e+00	ACTTCTGTGTG	0	PASS
chr7	137029842	TG	T	13032	13029	3	0.00023	8344	2	0.00024	1.39e-01	1.00e+00	1-2-7564-5465	1.00e+00	0	1.00e+00	CTGTGTGAAGC	0	pvalue;FDR;Low_AF;Strand_Imbalanced;Low_AC;Clustered_Variant
chr7	137029844	AAGCAAG	A	13179	13175	3	0.000228	8443	2	0.000237	9.43e-02	1.00e+00	3-0-7652-5523	1.00e+00	1	1.00e+00	GTGTGAAGCAA	0	FDR;Low_AF;Strand_Imbalanced;Low_AC
chr7	137029846	G	A	13195	13190	2	0.000152	8565	1	0.000117	1.93e-01	1.00e+00	2-0-7587-5603	1.00e+00	3	1.00e+00	GTGAAGCAAGC	0	pvalue;FDR;Low_AF;Strand_Imbalanced;Low_AC;Variant_Contamination
chr7	137029847	C	A	13298	13290	7	0.000526	8605	2	0.000232	9.19e-02	1.00e+00	6-1-7651-5639	1.00e+00	1	1.00e+00	TGAAGCAAGCA	0	FDR;Low_AF;Strand_Imbalanced
chr7	137029850	G	T	13435	13431	4	0.000298	8670	2	0.000231	5.77e-01	1.00e+00	4-0-7600-5831	1.00e+00	0	1.00e+00	AGCAAGCAGTG	0	pvalue;FDR;Low_AF;Strand_Imbalanced;Low_AC
chr7	137029851	C	A	13424	13408	14	0.001043	8637	4	0.000463	3.00e-02	1.00e+00	10-4-7649-5759	1.00e+00	2	1.00e+00	GCAAGCAGTGC	0	FDR
chr7	137029856	C	A	13479	13475	4	0.000297	8716	1	0.000115	6.61e-01	1.00e+00	1-3-7621-5854	1.00e+00	0	1.00e+00	CAGTGCTTGTT	0	pvalue;FDR;Low_AF;Strand_Imbalanced;Low_AC
chr7	137029859	G	T	13768	13752	9	0.000654	8795	1	0.000114	2.26e-01	1.00e+00	1-8-7623-6129	1.00e+00	7	1.00e+00	TGCTTGTTTTA	0	pvalue;FDR;Low_Complexity;Low_AF;Strand_Imbalanced;Variant_Contamination
chr7	137029861	T	G	14094	14092	2	0.000142	8829	2	0.000226	2.51e-01	1.00e+00	0-2-7658-6434	1.00e+00	0	1.00e+00	CTTGTTTTAAT	0	pvalue;FDR;Low_Complexity;Low_AF;Strand_Imbalanced;Low_AC
chr7	137029870	A	T	14148	14140	6	0.000424	8939	1	0.000112	5.76e-02	1.00e+00	0-6-7533-6607	1.00e+00	2	1.00e+00	ATCAGATTTCA	0	FDR;Low_AF;Strand_Imbalanced
chr7	137029871	T	G	14374	14371	2	0.000139	8974	1	0.000111	1.63e-01	1.00e+00	0-2-7432-6939	1.00e+00	1	1.00e+00	TCAGATTTCAC	0	pvalue;FDR;Low_AF;Strand_Imbalanced;Low_AC;Variant_Contamination
chr7	137029874	C	A	14278	14273	5	0.00035	9087	1	0.00011	6.31e-01	1.00e+00	4-1-7409-6864	1.00e+00	0	1.00e+00	GATTTCACCTG	0	pvalue;FDR;Low_AF;Strand_Imbalanced
chr7	137029877	C	T	14392	14389	1	0.000069	9161	1	0.000109	4.07e-01	1.00e+00	0-1-7382-7007	1.00e+00	2	1.00e+00	TTCACCTGTAT	0	pvalue;FDR;Low_AF;Strand_Imbalanced;Low_AC;Variant_Contamination
chr7	137029891	G	T	14735	14728	5	0.000339	9333	1	0.000107	3.35e-01	1.00e+00	0-5-7135-7593	1.00e+00	2	1.00e+00	GTGTGGAGAAA	0	pvalue;FDR;Low_AF;Strand_Imbalanced
chr7	137029893	G	T	14645	14630	12	0.000819	9337	3	0.000321	1.69e-01	1.00e+00	0-12-7134-7496	8.13e-01	3	1.00e+00	GTGGAGAAACG	0	pvalue;FDR;Low_AF;Strand_Imbalanced
chr7	137029897	C	A	14718	14712	4	0.000272	9346	1	0.000107	6.77e-01	1.00e+00	1-3-6972-7740	1.00e+00	2	1.00e+00	AGAAACGCACA	0	pvalue;FDR;Low_AF;Strand_Imbalanced;Low_AC;Variant_Contamination
chr7	137029898	G	A	14768	14763	5	0.000339	9323	2	0.000214	6.96e-02	1.00e+00	3-2-6907-7856	1.00e+00	0	1.00e+00	GAAACGCACAT	0	FDR;Low_AF
chr7	137029902	A	G	14905	14895	1	0.000067	9441	1	0.000106	3.63e-01	1.00e+00	0-1-6904-7991	1.00e+00	9	1.00e+00	CGCACATTAGC	0	pvalue;FDR;Low_AF;Strand_Imbalanced;Low_AC;Variant_Contamination
chr7	137029907	C	A	14630	14604	19	0.001299	9393	2	0.000213	1.03e-01	1.00e+00	1-18-6770-7834	3.83e-01	7	1.00e+00	ATTAGCATTTT	0	pvalue;FDR;Low_Complexity;Strand_Imbalanced;Clustered_Variant
chr7	137029908	A	AT	15015	9360	1746	0.116284	5916	1006	0.145334	0.00e+00	0.00e+00	547-1199-4806-4554	2.86e-51	493	1.29e-15	TTAGCATTTTT	1	Homopolymer;Low_Complexity;Variant_Contamination
chr7	137029908	AT	A	15015	9360	3416	0.227506	5916	2289	0.278976	0.00e+00	0.00e+00	1324-2092-4806-4554	1.81e-33	493	1.29e-15	TTAGCATTTTT	1	Homopolymer;Low_Complexity;Variant_Contamination
chr7	137029917	TG	T	9212	9188	21	0.00228	5597	1	0.000179	4.55e-02	1.00e+00	18-3-4206-4982	3.84e-01	3	1.00e+00	TTTTTTGGCAT	1	FDR;Homopolymer;Low_Complexity;Clustered_Variant;Low_Qual_Pos
chr7	137029918	G	T	15060	15031	29	0.001926	9282	2	0.000215	1.93e-02	1.00e+00	26-3-6033-8998	6.87e-05	0	1.00e+00	TTTTTGGCATT	1	FDR;Homopolymer;Low_Complexity;Clustered_Variant
chr7	137029920	C	A	15038	15024	4	0.000266	9336	2	0.000214	1.49e-01	1.00e+00	2-2-6068-8956	1.00e+00	10	1.00e+00	TTTGGCATTTT	0	pvalue;FDR;Low_Complexity;Low_AF;Low_AC;Clustered_Variant;Variant_Contamination
chr7	137029921	AT	A	15291	15080	197	0.012883	9301	64	0.006834	4.87e-08	1.12e-05	66-131-6236-8844	1.00e+00	14	1.90e-01	TTGGCATTTTT	1	Homopolymer;Low_Complexity
chr7	137029922	T	A	14929	14914	15	0.001005	9261	1	0.000108	3.86e-02	1.00e+00	15-0-6122-8792	2.57e-03	0	1.00e+00	TGGCATTTTTC	1	FDR;Homopolymer;Low_Complexity;Strand_Imbalanced;Clustered_Variant
chr7	137029927	C	A	14474	14460	10	0.000691	8980	1	0.000111	2.28e-01	1.00e+00	10-0-5823-8637	1.81e-01	4	1.00e+00	TTTTTCCCAGT	1	pvalue;FDR;Homopolymer;Low_Complexity;Low_AF;Strand_Imbalanced
chr7	137029929	C	A	14525	14516	8	0.000551	8970	2	0.000223	2.43e-01	1.00e+00	5-3-5920-8596	1.00e+00	1	1.00e+00	TTTCCCAGTCC	0	pvalue;FDR;Low_AF
chr7	137029933	C	A	14139	14130	7	0.000495	8852	1	0.000113	5.59e-01	1.00e+00	3-4-5700-8430	1.00e+00	2	1.00e+00	CCAGTCCCTTT	0	pvalue;FDR;Low_AF
chr7	137029934	C	A	14227	14226	1	0.00007	8862	1	0.000113	8.73e-01	1.00e+00	1-0-5761-8465	1.00e+00	0	1.00e+00	CAGTCCCTTTA	0	pvalue;FDR;Low_AF;Strand_Imbalanced;Low_AC
chr7	137029935	CT	C	13955	13938	9	0.000645	8746	2	0.000229	6.58e-02	1.00e+00	3-6-5592-8346	1.00e+00	8	1.00e+00	AGTCCCTTTAC	0	FDR;Low_AF;Variant_Contamination
chr7	137029941	C	CA	13482	13114	57	0.004228	8362	21	0.002505	1.81e-05	1.45e-02	16-41-5372-7742	1.00e+00	8	1.00e+00	TTTACCAAAAA	1	Homopolymer;Low_Complexity
chr7	137029941	CA	C	13482	13114	303	0.022474	8362	122	0.01438	7.73e-09	2.48e-06	99-204-5372-7742	1.00e+00	8	1.00e+00	TTTACCAAAAA	1	Homopolymer;Low_Complexity
chr7	137029948	G	T	12688	12681	7	0.000552	8195	1	0.000122	2.01e-01	1.00e+00	1-6-5000-7681	1.00e+00	0	1.00e+00	AAAAAGATATC	1	pvalue;FDR;Homopolymer;Low_Complexity;Low_AF;Strand_Imbalanced
chr7	137029955	C	A	12172	12163	9	0.000739	7914	2	0.000253	6.66e-02	1.00e+00	4-5-4887-7276	1.00e+00	0	1.00e+00	TATCTCAGCAT	0	FDR;Low_AF
chr7	137029958	C	A	11877	11870	6	0.000505	7770	2	0.000257	4.53e-01	1.00e+00	3-3-4805-7065	1.00e+00	1	1.00e+00	CTCAGCATTCT	0	pvalue;FDR;Low_AF
chr7	137029969	C	A	10638	10634	4	0.000376	7036	1	0.000142	6.08e-01	1.00e+00	3-1-4227-6407	1.00e+00	0	1.00e+00	ATTAACACTCC	0	pvalue;FDR;Low_AF;Strand_Imbalanced;Low_AC
chr7	137029972	T	G	10350	10345	1	0.000097	6852	1	0.000146	2.93e-01	1.00e+00	0-1-4035-6310	1.00e+00	4	1.00e+00	AACACTCCATA	0	pvalue;FDR;Low_AF;Strand_Imbalanced;Low_AC;Variant_Contamination
chr7	137029978	G	A	9439	9437	2	0.000212	6384	2	0.000313	3.05e-01	1.00e+00	1-1-3719-5718	1.00e+00	0	1.00e+00	CCATAGGGGCA	0	pvalue;FDR;Low_Complexity;Low_AF;Strand_Imbalanced;Low_AC
chr7	137029988	T	C	8463	8462	1	0.000118	5746	1	0.000174	3.37e-01	1.00e+00	1-0-3199-5263	1.00e+00	0	1.00e+00	AAAGTTTCTAA	0	pvalue;FDR;Low_AF;Strand_Imbalanced;Low_AC
chr7	137029996	C	A	7265	7261	4	0.000551	5027	2	0.000398	4.26e-01	1.00e+00	2-2-2692-4569	1.00e+00	0	1.00e+00	TAAGGCATTGA	0	pvalue;FDR;Low_AF;Low_AC
chr7	137030002	A	G	6529	6528	1	0.000153	4555	1	0.000219	3.19e-01	1.00e+00	0-1-2314-4214	1.00e+00	0	1.00e+00	ATTGAACAAAG	0	pvalue;FDR;Low_AF;Strand_Imbalanced;Low_AC
chr7	137030014	C	A	5291	5288	3	0.000567	3787	1	0.000264	4.94e-01	1.00e+00	1-2-1635-3653	1.00e+00	0	1.00e+00	GCTATCCATTT	0	pvalue;FDR;Low_AF;Strand_Imbalanced;Low_AC;Clustered_Variant
chr7	137030015	C	A	5173	5170	2	0.000387	3719	1	0.000269	6.05e-01	1.00e+00	0-2-1560-3610	1.00e+00	1	1.00e+00	CTATCCATTTT	0	pvalue;FDR;Low_Complexity;Low_AF;Strand_Imbalanced;Low_AC;Clustered_Variant;Variant_Contamination
chr7	137030016	AT	A	5121	5083	30	0.005858	3655	4	0.001093	3.14e-06	5.60e-04	5-25-1512-3571	1.00e+00	8	1.00e+00	TATCCATTTTC	0	Low_Complexity
chr7	137030025	C	A	4180	4179	1	0.000239	3037	1	0.000329	7.82e-01	1.00e+00	0-1-1037-3142	1.00e+00	0	1.00e+00	TCTTTCTGTTC	0	pvalue;FDR;Low_AF;Strand_Imbalanced;Low_AC
chr7	137030027	G	C	3992	3990	2	0.000501	2909	2	0.000687	1.02e-01	1.00e+00	2-0-931-3059	1.00e+00	0	1.00e+00	TTTCTGTTCTT	0	pvalue;FDR;Low_AF;Strand_Imbalanced;Low_AC
chr7	137030028	T	G	3984	3982	2	0.000502	2880	2	0.000694	2.02e-01	1.00e+00	2-0-914-3068	1.00e+00	0	1.00e+00	TTCTGTTCTTC	0	pvalue;FDR;Low_AF;Strand_Imbalanced;Low_AC
chr7	140453006	C	T	2396	2392	2	0.000835	1778	2	0.001124	2.53e-01	1.00e+00	0-2-2326-66	1.00e+00	2	1.00e+00	AATGACTTTCT	0	pvalue;FDR;Low_AF;Strand_Imbalanced;Low_AC;Variant_Contamination
chr7	140453010	C	A	2548	2541	7	0.002747	1889	3	0.001586	2.96e-02	1.00e+00	5-2-2408-133	1.00e+00	0	1.00e+00	ACTTTCTAGTA	0	FDR
chr7	140453022	C	A	3461	3460	1	0.000289	2521	1	0.000397	7.57e-01	1.00e+00	1-0-2809-651	1.00e+00	0	1.00e+00	CTCAGCAGCAT	0	pvalue;FDR;Low_AF;Strand_Imbalanced;Low_AC
chr7	140453024	G	A	3628	3627	1	0.000276	2655	1	0.000377	4.32e-01	1.00e+00	0-1-2868-759	1.00e+00	0	1.00e+00	CAGCAGCATCT	0	pvalue;FDR;Low_AF;Strand_Imbalanced;Low_AC
chr7	140453031	AG	A	4290	4289	1	0.000233	3092	1	0.000323	3.76e-01	1.00e+00	0-1-3223-1066	1.00e+00	0	1.00e+00	ATCTCAGGGCC	0	pvalue;FDR;Low_AF;Strand_Imbalanced;Low_AC
chr7	140453036	CA	C	4900	4849	48	0.009796	3491	10	0.002856	3.56e-07	7.13e-05	22-26-3434-1415	5.60e-01	3	1.63e-01	AGGGCCAAAAA	1	Homopolymer;Low_Complexity
chr7	140453049	A	G	6075	6073	1	0.000165	4297	1	0.000233	2.13e-01	1.00e+00	1-0-3987-2086	1.00e+00	1	1.00e+00	TAATCAGTGGA	0	pvalue;FDR;Low_AF;Strand_Imbalanced;Low_AC;Clustered_Variant;Variant_Contamination
chr7	140453053	GA	G	6434	6329	101	0.015698	4533	34	0.007445	5.87e-09	2.48e-06	43-58-4025-2304	3.96e-02	4	1.00e+00	CAGTGGAAAAA	1	Homopolymer;Low_Complexity
chr7	140453081	CA	C	8453	8411	33	0.003904	5941	10	0.00168	2.83e-04	3.25e-02	12-21-4670-3741	1.00e+00	9	1.25e-01	ATCCACAAAAT	0	Low_Complexity
chr7	140453083	A	G	8613	8609	4	0.000464	6027	4	0.000663	1.17e-01	1.00e+00	0-4-4760-3849	1.00e+00	0	1.00e+00	CCACAAAATGG	0	pvalue;FDR;Low_Complexity;Low_AF;Strand_Imbalanced;Low_AC;Clustered_Variant
chr7	140453087	G	T	8821	8814	7	0.000794	6245	1	0.00016	1.30e-01	1.00e+00	7-0-4705-4109	1.00e+00	0	1.00e+00	AAAATGGATCC	0	pvalue;FDR;Low_Complexity;Low_AF;Strand_Imbalanced
chr7	140453090	TC	T	9135	9129	6	0.000657	6356	1	0.000157	7.42e-02	1.00e+00	2-4-4767-4362	1.00e+00	0	1.00e+00	ATGGATCCAGA	0	FDR;Low_AF
chr7	140453091	C	A	9068	9062	5	0.000551	6374	2	0.000314	4.27e-01	1.00e+00	4-1-4713-4349	1.00e+00	1	1.00e+00	TGGATCCAGAC	0	pvalue;FDR;Low_AF;Strand_Imbalanced
chr7	140453110	G	T	9542	9536	4	0.000419	6712	1	0.000149	5.77e-01	1.00e+00	4-0-4731-4805	1.00e+00	2	1.00e+00	AAACTGATGGG	0	pvalue;FDR;Low_AF;Strand_Imbalanced;Low_AC;Variant_Contamination
chr7	140453115	G	T	9528	9525	2	0.00021	6683	1	0.00015	7.28e-01	1.00e+00	0-2-4704-4821	1.00e+00	1	1.00e+00	GATGGGACCCA	0	pvalue;FDR;Low_AF;Strand_Imbalanced;Low_AC;Variant_Contamination
chr7	140453118	C	A	9450	9447	3	0.000317	6616	1	0.000151	2.59e-01	1.00e+00	1-2-4680-4767	1.00e+00	0	1.00e+00	GGGACCCACTC	0	pvalue;FDR;Low_AF;Strand_Imbalanced;Low_AC
chr7	140453120	ACT	A	9554	9551	2	0.000209	6639	2	0.000301	3.52e-01	1.00e+00	1-1-4749-4802	1.00e+00	1	1.00e+00	GACCCACTCCA	0	pvalue;FDR;Low_AF;Strand_Imbalanced;Low_AC;Variant_Contamination
chr7	140453128	G	T	9165	9160	5	0.000546	6437	4	0.000621	3.87e-01	1.00e+00	2-3-4501-4659	1.00e+00	0	1.00e+00	CCATCGAGATT	0	pvalue;FDR;Low_AF
chr7	140453130	G	T	9182	9176	4	0.000436	6469	2	0.000309	4.95e-01	1.00e+00	2-2-4528-4648	1.00e+00	2	1.00e+00	ATCGAGATTTC	0	pvalue;FDR;Low_AF;Low_AC;Variant_Contamination
chr7	140453136	A	T	8966	6124	2841	0.316864	4320	1974	0.313632	0.00e+00	0.00e+00	1313-1528-3059-3065	1.00e+00	1	1.00e+00	ATTTCACTGTA	0	PASS
chr7	140453143	C	A	8978	8975	3	0.000334	6349	2	0.000315	5.72e-01	1.00e+00	3-0-4463-4512	1.00e+00	0	1.00e+00	TGTAGCTAGAC	0	pvalue;FDR;Low_AF;Strand_Imbalanced;Low_AC
chr7	140453149	CA	C	8951	8822	125	0.013965	6301	35	0.005524	7.12e-09	2.48e-06	37-88-4449-4373	5.36e-03	4	1.00e+00	TAGACCAAAAT	0	Low_Complexity
chr7	140453158	C	A	8944	8941	2	0.000224	6365	1	0.000157	3.01e-01	1.00e+00	1-1-4482-4459	1.00e+00	1	1.00e+00	ATCACCTATTT	0	pvalue;FDR;Low_AF;Strand_Imbalanced;Low_AC;Variant_Contamination
chr7	140453160	AT	A	9002	8966	24	0.002666	6359	1	0.000157	2.89e-02	1.00e+00	5-19-4502-4464	1.00e+00	12	1.00e+00	CACCTATTTTT	1	FDR;Homopolymer;Low_Complexity;Variant_Contamination
chr7	140453173	G	A	9032	9029	3	0.000332	6421	2	0.000311	1.18e-01	1.00e+00	2-1-4504-4525	1.00e+00	0	1.00e+00	TGTGAGGTCTT	0	pvalue;FDR;Low_AF;Strand_Imbalanced;Low_AC
chr7	140453174	G	T	9050	9048	2	0.000221	6418	1	0.000156	2.99e-01	1.00e+00	0-2-4477-4571	1.00e+00	0	1.00e+00	GTGAGGTCTTC	0	pvalue;FDR;Low_AF;Strand_Imbalanced;Low_AC
chr7	140453182	G	T	8852	8846	3	0.000339	6335	1	0.000158	6.25e-01	1.00e+00	2-1-4338-4508	1.00e+00	3	1.00e+00	TTCATGAAGAA	0	pvalue;FDR;Low_AF;Strand_Imbalanced;Low_AC;Variant_Contamination
chr7	140453190	A	T	8513	8511	1	0.000117	6053	1	0.000165	1.73e-01	1.00e+00	0-1-4055-4456	1.00e+00	1	1.00e+00	GAAATATATCT	0	pvalue;FDR;Low_AF;Strand_Imbalanced;Low_AC;Variant_Contamination
chr7	140453205	TA	T	7756	7745	11	0.001418	5508	1	0.000182	4.38e-02	1.00e+00	4-7-3319-4426	1.00e+00	0	1.00e+00	TGTAGTAAGTA	0	FDR
chr7	140453209	TA	T	7488	7482	6	0.000801	5336	1	0.000187	5.97e-02	1.00e+00	2-4-3148-4334	1.00e+00	0	1.00e+00	GTAAGTAAAGG	0	FDR;Low_AF
chr7	140453214	GA	G	7069	7050	15	0.002122	5118	4	0.000781	3.50e-05	4.32e-03	6-9-2887-4163	1.00e+00	4	1.00e+00	TAAAGGAAAAC	0	Low_Complexity
chr7	140453215	A	T	7070	7065	5	0.000707	5066	3	0.000592	4.58e-04	1.84e-01	5-0-2865-4200	1.00e+00	0	1.00e+00	AAAGGAAAACA	0	FDR;Low_Complexity;Low_AF;Strand_Imbalanced;Clustered_Variant
chr7	140453216	A	C	7008	7002	6	0.000856	5052	3	0.000593	7.12e-04	5.71e-01	5-1-2802-4200	1.00e+00	0	1.00e+00	AAGGAAAACAG	0	FDR;Low_Complexity;Low_AF;Strand_Imbalanced;Clustered_Variant
chr7	140453219	C	A	6751	6748	3	0.000444	4908	1	0.000204	5.55e-01	1.00e+00	1-2-2665-4083	1.00e+00	0	1.00e+00	GAAAACAGTAG	0	pvalue;FDR;Low_Complexity;Low_AF;Strand_Imbalanced;Low_AC
chr7	140453227	C	A	6123	6122	1	0.000163	4453	1	0.000225	2.49e-01	1.00e+00	0-1-2266-3856	1.00e+00	0	1.00e+00	TAGATCTCATT	0	pvalue;FDR;Low_AF;Strand_Imbalanced;Low_AC;Clustered_Variant
chr7	140453230	AT	A	6020	5980	38	0.006312	4320	8	0.001848	2.39e-05	3.42e-03	9-29-2176-3804	1.00e+00	2	1.00e+00	ATCTCATTTTC	0	Low_Complexity
chr7	140453232	T	C	5816	5813	2	0.000344	4203	1	0.000238	7.92e-02	1.00e+00	2-0-2006-3807	1.00e+00	1	1.00e+00	CTCATTTTCCT	0	FDR;Low_Complexity;Low_AF;Strand_Imbalanced;Low_AC;Clustered_Variant;Variant_Contamination
chr7	140453260	GT	G	3430	3424	6	0.001749	2569	1	0.000389	3.30e-02	1.00e+00	0-6-575-2849	1.00e+00	0	1.00e+00	GAAGAGTTTAG	0	FDR;Strand_Imbalanced
chr7	140453272	G	A	2516	2513	1	0.000397	1875	1	0.000533	1.58e-01	1.00e+00	0-1-82-2431	1.00e+00	2	1.00e+00	TAAGAGATCTA	0	pvalue;FDR;Low_AF;Strand_Imbalanced;Low_AC;Variant_Contamination
chr7	140453290	C	A	1732	1729	3	0.001732	1344	1	0.000743	1.75e-01	1.00e+00	0-3-3-1726	1.00e+00	0	1.00e+00	TAATTCTGTAA	0	pvalue;FDR;Strand_Imbalanced;Low_AC
chr7	55259329	G	A	815	814	1	0.001227	586	1	0.001704	2.71e-01	1.00e+00	1-0-803-11	1.00e+00	0	1.00e+00	AGCCTGGCATG	0	pvalue;FDR;Strand_Imbalanced;Low_AC
chr7	55259342	C	A	978	977	1	0.001022	705	1	0.001416	5.49e-01	1.00e+00	1-0-962-15	1.00e+00	0	1.00e+00	CATGACCCTGA	0	pvalue;FDR;Strand_Imbalanced;Low_AC
chr7	55259384	C	A	2175	2173	2	0.00092	1617	2	0.001235	4.27e-01	1.00e+00	1-1-1925-248	1.00e+00	0	1.00e+00	CTGTCCCTCAC	0	pvalue;FDR;Low_AF;Strand_Imbalanced;Low_AC
chr7	55259385	C	A	2246	2244	2	0.00089	1660	1	0.000602	4.03e-01	1.00e+00	2-0-1971-273	1.00e+00	0	1.00e+00	TGTCCCTCACA	0	pvalue;FDR;Low_AF;Strand_Imbalanced;Low_AC
chr7	55259392	C	A	2702	2700	2	0.00074	1993	1	0.000502	4.50e-01	1.00e+00	2-0-2158-542	1.00e+00	0	1.00e+00	CACAGCAGGGT	0	pvalue;FDR;Low_AF;Strand_Imbalanced;Low_AC
chr7	55259396	G	A	2990	2987	2	0.000669	2211	2	0.000904	1.20e-01	1.00e+00	1-1-2263-724	1.00e+00	1	1.00e+00	GCAGGGTCTTC	0	pvalue;FDR;Low_AF;Strand_Imbalanced;Low_AC;Variant_Contamination
chr7	55259403	C	A	3329	3326	3	0.000901	2437	2	0.00082	3.12e-01	1.00e+00	2-1-2365-961	1.00e+00	0	1.00e+00	CTTCTCTGTTT	0	pvalue;FDR;Low_AF;Strand_Imbalanced;Low_AC
chr7	55259408	T	G	3608	3606	1	0.000277	2624	1	0.000381	2.50e-01	1.00e+00	1-0-2504-1102	1.00e+00	1	1.00e+00	CTGTTTCAGGG	0	pvalue;FDR;Low_AF;Strand_Imbalanced;Low_AC;Variant_Contamination
chr7	55259409	C	A	3678	3671	7	0.001903	2675	3	0.00112	7.43e-02	1.00e+00	5-2-2539-1132	1.00e+00	0	1.00e+00	TGTTTCAGGGC	0	FDR
chr7	55259414	C	A	4005	4003	2	0.000499	2891	1	0.000346	5.49e-01	1.00e+00	2-0-2686-1317	1.00e+00	0	1.00e+00	CAGGGCATGAA	0	pvalue;FDR;Low_AF;Strand_Imbalanced;Low_AC
chr7	55259433	C	T	5189	5186	3	0.000578	3705	2	0.00054	7.73e-02	1.00e+00	1-2-3222-1964	1.00e+00	0	1.00e+00	AGGACCGTCGC	0	FDR;Low_AF;Strand_Imbalanced;Low_AC
chr7	55259436	C	T	5530	5528	2	0.000362	3946	2	0.000507	3.57e-01	1.00e+00	0-2-3450-2078	1.00e+00	0	1.00e+00	ACCGTCGCTTG	0	pvalue;FDR;Low_AF;Strand_Imbalanced;Low_AC
chr7	55259445	C	T	6327	6321	5	0.00079	4473	1	0.000224	3.24e-02	1.00e+00	1-4-3726-2595	1.00e+00	1	1.00e+00	TGGTGCACCGC	0	FDR;Low_AF;Strand_Imbalanced
chr7	55259449	G	A	6639	6633	4	0.000603	4694	2	0.000426	5.52e-02	1.00e+00	2-2-3828-2805	1.00e+00	2	1.00e+00	GCACCGCGACC	0	FDR;Low_AF;Low_AC;Variant_Contamination
chr7	55259468	C	A	7652	7646	5	0.000653	5407	2	0.00037	3.79e-01	1.00e+00	4-1-4172-3474	1.00e+00	1	1.00e+00	AGGAACGTACT	0	pvalue;FDR;Low_AF;Strand_Imbalanced
chr7	55259469	G	A	7796	7794	1	0.000128	5478	1	0.000183	5.02e-01	1.00e+00	0-1-4257-3537	1.00e+00	1	1.00e+00	GGAACGTACTG	0	pvalue;FDR;Low_AF;Strand_Imbalanced;Low_AC;Variant_Contamination
chr7	55259471	A	G	7883	7880	3	0.000381	5503	1	0.000182	6.09e-02	1.00e+00	1-2-4336-3544	1.00e+00	0	1.00e+00	AACGTACTGGT	0	FDR;Low_AF;Strand_Imbalanced;Low_AC
chr7	55259477	GA	G	7891	7882	8	0.001014	5545	1	0.00018	5.66e-02	1.00e+00	2-6-4220-3662	1.00e+00	1	1.00e+00	CTGGTGAAAAC	0	FDR;Low_Complexity
chr7	55259490	C	A	8003	7999	4	0.0005	5590	2	0.000358	4.59e-01	1.00e+00	2-2-4311-3688	1.00e+00	0	1.00e+00	CGCAGCATGTC	0	pvalue;FDR;Low_AF;Low_AC
chr7	55259506	AT	A	8402	8367	25	0.002975	5786	4	0.000691	1.48e-05	2.38e-03	8-17-4498-3869	1.00e+00	10	1.08e-01	CACAGATTTTG	0	Low_Complexity
chr7	55259514	C	A	8307	8298	8	0.000963	5760	2	0.000347	2.68e-01	1.00e+00	6-2-4344-3954	1.00e+00	1	1.00e+00	TTGGGCTGGCC	0	pvalue;FDR;Low_AF;Clustered_Variant
chr7	55259515	T	G	8480	8404	72	0.008491	5798	45	0.007702	5.98e-05	9.59e-02	42-30-4350-4054	1.00e+00	4	1.00e+00	TGGGCTGGCCA	0	PASS
chr7	55259517	G	A	8415	8411	2	0.000238	5835	1	0.000171	1.55e-01	1.00e+00	1-1-4369-4042	1.00e+00	2	1.00e+00	GGCTGGCCAAA	0	pvalue;FDR;Low_AF;Strand_Imbalanced;Low_AC;Clustered_Variant;Variant_Contamination
chr7	55259518	C	A	8443	8440	2	0.000237	5837	1	0.000171	2.85e-01	1.00e+00	1-1-4407-4033	1.00e+00	1	1.00e+00	GCTGGCCAAAC	0	pvalue;FDR;Low_AF;Strand_Imbalanced;Low_AC;Clustered_Variant;Variant_Contamination
chr7	55259523	C	A	8538	8536	2	0.000234	5903	2	0.000339	7.16e-01	1.00e+00	1-1-4459-4077	1.00e+00	0	1.00e+00	CCAAACTGCTG	0	pvalue;FDR;Low_AF;Strand_Imbalanced;Low_AC
chr7	55259526	C	A	8526	8522	4	0.000469	5898	2	0.000339	4.77e-01	1.00e+00	2-2-4411-4111	1.00e+00	0	1.00e+00	AACTGCTGGGT	0	pvalue;FDR;Low_AF;Low_AC
chr7	55259527	TG	T	8576	8568	6	0.0007	5879	2	0.00034	5.02e-02	1.00e+00	2-4-4326-4242	1.00e+00	2	1.00e+00	ACTGCTGGGTG	0	FDR;Low_AF
chr7	55259532	G	A	8366	8361	2	0.000239	5737	2	0.000348	4.00e-01	1.00e+00	1-1-4160-4201	1.00e+00	3	1.00e+00	TGGGTGCGGAA	0	pvalue;FDR;Low_AF;Strand_Imbalanced;Low_AC;Variant_Contamination
chr7	55259535	G	A	8259	8255	2	0.000242	5663	2	0.000353	3.99e-01	1.00e+00	1-1-4191-4064	1.00e+00	2	1.00e+00	GTGCGGAAGAG	0	pvalue;FDR;Low_AF;Strand_Imbalanced;Low_AC;Variant_Contamination
chr7	55259537	A	C	8202	8199	3	0.000366	5670	1	0.000176	5.80e-02	1.00e+00	3-0-4119-4080	1.00e+00	0	1.00e+00	GCGGAAGAGAA	0	FDR;Low_AF;Strand_Imbalanced;Low_AC
chr7	55259543	A	G	8304	8300	3	0.000361	5716	2	0.00035	6.21e-02	1.00e+00	0-3-4201-4099	1.00e+00	1	1.00e+00	GAGAAAGAATA	0	FDR;Low_AF;Strand_Imbalanced;Low_AC
chr7	55259547	T	G	8233	8228	5	0.000607	5695	2	0.000351	5.97e-02	1.00e+00	0-5-4063-4165	1.00e+00	0	1.00e+00	AAGAATACCAT	0	FDR;Low_AF;Strand_Imbalanced
chr7	55259554	C	A	8215	8208	5	0.000609	5651	4	0.000707	3.96e-02	1.00e+00	3-2-4056-4152	1.00e+00	2	1.00e+00	CCATGCAGAAG	0	FDR;Low_AF
chr7	55259556	G	A	8236	8231	1	0.000121	5688	1	0.000176	5.04e-01	1.00e+00	1-0-4048-4183	1.00e+00	4	1.00e+00	ATGCAGAAGGA	0	pvalue;FDR;Low_AF;Strand_Imbalanced;Low_AC;Variant_Contamination
chr7	55259564	C	A	8176	8172	4	0.000489	5653	2	0.000354	4.65e-01	1.00e+00	2-2-3909-4263	1.00e+00	0	1.00e+00	GGAGGCAAAGT	0	pvalue;FDR;Low_AF;Low_AC
chr7	55259579	G	T	7529	7521	5	0.000664	5208	2	0.000384	3.76e-01	1.00e+00	1-4-3346-4175	1.00e+00	3	1.00e+00	AGGTGGCTTTA	0	pvalue;FDR;Low_AF;Strand_Imbalanced;Variant_Contamination
chr7	55259580	CT	C	7426	7408	13	0.001751	5173	1	0.000193	3.24e-02	1.00e+00	4-9-3302-4106	1.00e+00	5	1.00e+00	GGTGGCTTTAG	0	FDR
chr7	55259588	C	A	6948	6935	13	0.001871	4805	4	0.000832	5.13e-03	1.00e+00	0-13-2970-3965	1.00e+00	0	1.00e+00	TAGGTCAGCCA	0	FDR;Strand_Imbalanced
chr7	55259592	C	A	6603	6601	2	0.000303	4592	1	0.000218	6.60e-01	1.00e+00	0-2-2772-3829	1.00e+00	0	1.00e+00	TCAGCCAGCAT	0	pvalue;FDR;Low_AF;Strand_Imbalanced;Low_AC;Clustered_Variant
chr7	55259594	G	A	6518	6512	4	0.000614	4526	2	0.000442	5.49e-02	1.00e+00	2-2-2690-3822	1.00e+00	2	1.00e+00	AGCCAGCATTT	0	FDR;Low_AF;Low_AC;Clustered_Variant;Variant_Contamination
chr7	55259596	AT	A	6456	6357	86	0.013321	4445	14	0.00314	1.56e-08	4.17e-06	29-57-2601-3756	1.00e+00	13	1.00e+00	CCAGCATTTTC	0	Low_Complexity
chr7	55259599	T	G	6230	6227	2	0.000321	4358	1	0.000229	6.46e-02	1.00e+00	1-1-2419-3808	1.00e+00	1	1.00e+00	GCATTTTCCTG	0	FDR;Low_Complexity;Low_AF;Strand_Imbalanced;Low_AC;Clustered_Variant;Variant_Contamination
chr7	55259600	TC	T	6211	6210	1	0.000161	4326	1	0.000231	3.79e-01	1.00e+00	0-1-2407-3803	1.00e+00	0	1.00e+00	CATTTTCCTGA	0	pvalue;FDR;Low_Complexity;Low_AF;Strand_Imbalanced;Low_AC;Clustered_Variant
chr7	55259601	C	A	6107	6102	4	0.000655	4289	1	0.000233	4.53e-01	1.00e+00	1-3-2358-3744	1.00e+00	1	1.00e+00	ATTTTCCTGAC	0	pvalue;FDR;Low_Complexity;Low_AF;Strand_Imbalanced;Low_AC
chr7	55259606	C	A	5758	5756	2	0.000347	4037	1	0.000248	6.32e-01	1.00e+00	0-2-2168-3588	1.00e+00	0	1.00e+00	CCTGACACCAG	0	pvalue;FDR;Low_AF;Strand_Imbalanced;Low_AC
chr7	55259610	AG	A	5473	5458	12	0.002193	3875	1	0.000258	2.80e-02	1.00e+00	3-9-1988-3470	1.00e+00	3	1.00e+00	ACACCAGGGAC	0	FDR
chr7	55259627	C	A	4056	4055	1	0.000247	2932	1	0.000341	7.79e-01	1.00e+00	1-0-1158-2897	1.00e+00	0	1.00e+00	GCCTTCCCACT	0	pvalue;FDR;Low_AF;Strand_Imbalanced;Low_AC
chr7	55259651	A	T	2325	2323	1	0.00043	1700	1	0.000588	2.09e-01	1.00e+00	0-1-226-2097	1.00e+00	1	1.00e+00	AACACATGCAG	0	pvalue;FDR;Low_AF;Strand_Imbalanced;Low_AC;Variant_Contamination
chr7	55259654	C	A	2110	2106	4	0.001896	1532	2	0.001304	1.15e-01	1.00e+00	1-3-132-1974	1.00e+00	0	1.00e+00	ACATGCAGGGG	0	pvalue;FDR;Low_Complexity;Strand_Imbalanced;Low_AC
chr7	55259691	G	A	1092	1091	1	0.000916	801	1	0.001247	1.50e-01	1.00e+00	0-1-15-1076	1.00e+00	0	1.00e+00	AGCTCGCAGCA	0	pvalue;FDR;Low_AF;Strand_Imbalanced;Low_AC
chr7	55259696	AGCT	A	1042	1040	1	0.00096	755	1	0.001323	2.29e-01	1.00e+00	0-1-15-1025	1.00e+00	1	1.00e+00	GCAGCAGCTGC	0	pvalue;FDR;Low_AF;Strand_Imbalanced;Low_AC;Variant_Contamination
chr7	55259699	T	A	1006	1005	1	0.000994	719	1	0.001389	1.45e-01	1.00e+00	0-1-14-991	1.00e+00	0	1.00e+00	GCAGCTGCTGC	0	pvalue;FDR;Low_AF;Strand_Imbalanced;Low_AC
