#MRD_log10	MRD_pval	SUM_DP	SUM_ALT	Mean_AF	Median_AF
20.0	1.00e-20	16708	3703	0.22163	0.22163
