##fileformat=VCFv4.1
##fileDate=14/04/2022
##source=umiVar2
##reference=GRCh37.fa
##INFO=<ID=Variant_Dist,Number=1,Type=Integer,Description="Distance to the closest short variant">
##INFO=<ID=Upstream,Number=.,Type=String,Description="Upstream sequence (5 nucleotides)">
##INFO=<ID=Downstream,Number=.,Type=String,Description="Downstream sequence (5 nucleotides)">
##INFO=<ID=PValue,Number=.,Type=String,Description="Uncorrected p-value">
##FILTER=<ID=PASS,Description="Passed filter">
##FILTER=<ID=Low_COV,Description="Low coverage">
##FILTER=<ID=Strand_imbalanced,Description="All alternative reads found in only one strand">
##FILTER=<ID=Low_AC,Description="Less than defined minimum of alternative counts">
##FILTER=<ID=Clustered_Variant,Description="Clustered variants">
##FILTER=<ID=LC_Upstream,Description="Low complexity region (5bps) upstream. ≥ 80% of bases show the same nucleotide or tandem of ≥ 3 equal nucleotides in a row">
##FILTER=<ID=LC_Downstream,Description="Low complexity region (5bps) downstream. ≥ 80% of bases show the same nucleotide  or tandem of ≥ 3 equal nucleotides in a row">
##FILTER=<ID=Error,Description="Alternative counts inside the expected error rate distribution">
##FILTER=<ID=Fisher_Strand,Description="Strand bias based on fisher test">
##FILTER=<ID=Low_qual_pos,Description="Position enriched with too many low quality bases">
##FILTER=<ID=Variant_contamination,Description="Reads supporting other alleles outside of the error rate distribution">
##FILTER=<ID=No_Coverage,Description="No read coverage for this monitoring/ID variant in BAM file.">
##FORMAT=<ID=GT,Number=1,Type=String,Description="Genotype">
##FORMAT=<ID=DP,Number=1,Type=Integer,Description="Read Depth">
##FORMAT=<ID=AC,Number=.,Type=Integer,Description="Allele read counts">
##FORMAT=<ID=AF,Number=1,Type=Float,Description="Alternative allele fraction">
##FORMAT=<ID=M_REF,Number=1,Type=Integer,Description="Multi-UMI reference-like read counts">
##FORMAT=<ID=M_AC,Number=.,Type=Integer,Description="Multi-UMI alternative read counts">
##FORMAT=<ID=M_AF,Number=1,Type=Float,Description="Multi-UMI alternative allele fraction">
##FORMAT=<ID=Pval,Number=1,Type=Float,Description="P-value to belong to the error rate distribution (beta binomial distribution)">
##FORMAT=<ID=FDR,Number=1,Type=Float,Description="Q-value to belong to the error rate distribution (beta binomial distribution) after Benjamini-Hochberg correction (FDR)">
##FORMAT=<ID=Strand,Number=1,Type=String,Description="Alleles in strands: Alternative forward, Alternative reverse, Reference forward, Reference reverse">
##FORMAT=<ID=FS,Number=1,Type=Float,Description="Fisher strand bias test (q-value)">
##FORMAT=<ID=OAAC,Number=1,Type=Integer,Description="Other Alternative Allele Count = count of reads showing a different alternative allele">
##FORMAT=<ID=MAL,Number=1,Type=Float,Description="Multi-allele likelihood = Q-value (FDR) for other alternative alleles to belong to the error rate distribution (beta binomial distribution)">
#CHROM	POS	ID	REF	ALT	QUAL	FILTER	INFO	FORMAT	CFDNA_01
chr1	47395874	.	A	C	.	FDR	Variant_dist=27;Vicinity=CGTGCAATGGG	GT:DP:AC:AF:M_REF:M_AC:M_AF:Pval:FDR:Strand:FS:OAAC:MAL	./.:6730:11:0.001634:4749:8:0.001682:1.69e-03:2.61e-01:2-9-3370-3346:1.00e+00:3:1.00e+00
chr1	115256530	.	G	T	.	PASS	Variant_dist=6;Vicinity=TTCTTGTCCAG	GT:DP:AC:AF:M_REF:M_AC:M_AF:Pval:FDR:Strand:FS:OAAC:MAL	./.:12276:311:0.025334:6974:165:0.023112:3.05e-10:1.53e-07:272-39-9299-2663:4.21e-02:3:1.00e+00
chr1	160786670	.	A	G	.	PASS	Variant_dist=45530001;Vicinity=TCTCTATTTAC	GT:DP:AC:AF:M_REF:M_AC:M_AF:Pval:FDR:Strand:FS:OAAC:MAL	./.:5551:1277:0.230049:3038:927:0.233796:1.76e-39:1.77e-36:648-629-2121-2146:1.00e+00:7:1.00e+00
