CHROM	POS	REF	ALT	DP_HQ	REF_COUNT	ALT_COUNT	AF	Multi_REF	Multi_ALT	Multi_AF	Pval	FDR	STRAND	FISHER	OAAC	MAL	Sequence_Context	Homopolymer	FILTER
chr7	137029838	T	C	12040	6981	5055	0.41985	4525	3318	0.423052	0.00e+00	0.00e+00	2947-2108-4110-2871	1.00e+00	4	1.00e+00	ACTTCTGTGTG	0	PASS
chr7	140453136	A	T	8966	6124	2841	0.316864	4320	1974	0.313632	0.00e+00	0.00e+00	1313-1528-3059-3065	1.00e+00	1	1.00e+00	ATTTCACTGTA	0	PASS
chr7	155029838	C	T	0	0	0	0	0	0	0	1	1	NA	1	0	1		0	No_Coverage
