##fileformat=VCFv4.1
##fileDate=08/07/2021
##source=umiVar2
##reference=chr7.fa
##INFO=<ID=Variant_Dist,Number=1,Type=Integer,Description="Distance to the closest short variant">
##INFO=<ID=Upstream,Number=.,Type=String,Description="Upstream sequence (5 nucleotides)">
##INFO=<ID=Downstream,Number=.,Type=String,Description="Downstream sequence (5 nucleotides)">
##INFO=<ID=PValue,Number=.,Type=String,Description="Uncorrected p-value">
##FILTER=<ID=PASS,Description="Passed filter">
##FILTER=<ID=Low_COV,Description="Low coverage">
##FILTER=<ID=Strand_imbalanced,Description="All alternative reads found in only one strand">
##FILTER=<ID=Low_AC,Description="Less than defined minimum of alternative counts">
##FILTER=<ID=Clustered_Variant,Description="Clustered variants">
##FILTER=<ID=LC_Upstream,Description="Low complexity region (5bps) upstream. ≥ 80% of bases show the same nucleotide or tandem of ≥ 3 equal nucleotides in a row">
##FILTER=<ID=LC_Downstream,Description="Low complexity region (5bps) downstream. ≥ 80% of bases show the same nucleotide  or tandem of ≥ 3 equal nucleotides in a row">
##FILTER=<ID=Error,Description="Alternative counts inside the expected error rate distribution">
##FILTER=<ID=Fisher_Strand,Description="Strand bias based on fisher test">
##FILTER=<ID=Low_qual_pos,Description="Position enriched with too many low quality bases">
##FILTER=<ID=Variant_contamination,Description="Reads supporting other alleles outside of the error rate distribution">
##FORMAT=<ID=GT,Number=1,Type=String,Description="Genotype">
##FORMAT=<ID=DP,Number=1,Type=Integer,Description="Read Depth">
##FORMAT=<ID=AC,Number=.,Type=Integer,Description="Allele read counts">
##FORMAT=<ID=AF,Number=1,Type=Float,Description="Alternative allele fraction">
##FORMAT=<ID=M_REF,Number=1,Type=Integer,Description="Multi-UMI reference-like read counts">
##FORMAT=<ID=M_AC,Number=.,Type=Integer,Description="Multi-UMI alternative read counts">
##FORMAT=<ID=M_AF,Number=1,Type=Float,Description="Multi-UMI alternative allele fraction">
##FORMAT=<ID=Pval,Number=1,Type=Float,Description="P-value to belong to the error rate distribution (beta binomial distribution)">
##FORMAT=<ID=FDR,Number=1,Type=Float,Description="Q-value to belong to the error rate distribution (beta binomial distribution) after Benjamini-Hochberg correction (FDR)">
##FORMAT=<ID=Strand,Number=1,Type=String,Description="Alleles in strands: Alternative forward, Alternative reverse, Reference forward, Reference reverse">
##FORMAT=<ID=FS,Number=1,Type=Float,Description="Fisher strand bias test (q-value)">
##FORMAT=<ID=OAAC,Number=1,Type=Integer,Description="Other Alternative Allele Count = count of reads showing a different alternative allele">
##FORMAT=<ID=MAL,Number=1,Type=Float,Description="Multi-allele likelihood = Q-value (FDR) for other alternative alleles to belong to the error rate distribution (beta binomial distribution)">
#CHROM	POS	ID	REF	ALT	QUAL	FILTER	INFO	FORMAT	CFDNA_02
chr7	124392463	.	C	T	.	PASS	Variant_dist=49;Vicinity=CAGAACTTCTC	GT:DP:AC:AF:M_REF:M_AC:M_AF:Pval:FDR:Strand:FS:OAAC:MAL	./.:28:8949:0.003129:6394:22:0.003429:1.31e-07:7.00e-05:14-14-4656-4264:1.00e+00:1:1.00e+00
chr7	124392512	.	C	T	.	PASS	Variant_dist=49;Vicinity=CTTTACATATG	GT:DP:AC:AF:M_REF:M_AC:M_AF:Pval:FDR:Strand:FS:OAAC:MAL	0/1:3631:8233:0.44103:3277:2608:0.443161:0.00e+00:0.00e+00:1934-1697-2431-2170:1.00e+00:1:1.00e+00
chr7	137029838	.	T	C	.	PASS	Variant_dist=24;Vicinity=ACTTCTGTGTG	GT:DP:AC:AF:M_REF:M_AC:M_AF:Pval:FDR:Strand:FS:OAAC:MAL	0/1:5055:12040:0.41985:4525:3318:0.423052:3.62e-41:5.81e-38:2947-2108-4110-2871:1.00e+00:4:1.00e+00
chr7	137029851	.	C	A	.	FDR	Variant_dist=13;Vicinity=GCAAGCAGTGC	GT:DP:AC:AF:M_REF:M_AC:M_AF:Pval:FDR:Strand:FS:OAAC:MAL	./.:14:13424:0.001043:8637:4:0.000463:3.00e-02:1.00e+00:10-4-7649-5759:1.00e+00:2:1.00e+00
chr7	140453010	.	C	A	.	FDR	Variant_dist=26;Vicinity=ACTTTCTAGTA	GT:DP:AC:AF:M_REF:M_AC:M_AF:Pval:FDR:Strand:FS:OAAC:MAL	./.:7:2548:0.002747:1889:3:0.001586:2.96e-02:1.00e+00:5-2-2408-133:1.00e+00:0:1.00e+00
chr7	140453136	.	A	T	.	PASS	Variant_dist=13;Vicinity=ATTTCACTGTA	GT:DP:AC:AF:M_REF:M_AC:M_AF:Pval:FDR:Strand:FS:OAAC:MAL	0/1:2841:8966:0.316864:4320:1974:0.313632:0.00e+00:0.00e+00:1313-1528-3059-3065:1.00e+00:1:1.00e+00
chr7	140453205	.	TA	T	.	FDR	Variant_dist=9;Vicinity=TGTAGTAAGTA	GT:DP:AC:AF:M_REF:M_AC:M_AF:Pval:FDR:Strand:FS:OAAC:MAL	./.:11:7756:0.001418:5508:1:0.000182:4.38e-02:1.00e+00:4-7-3319-4426:1.00e+00:0:1.00e+00
chr7	55259409	.	C	A	.	FDR	Variant_dist=97;Vicinity=TGTTTCAGGGC	GT:DP:AC:AF:M_REF:M_AC:M_AF:Pval:FDR:Strand:FS:OAAC:MAL	./.:7:3678:0.001903:2675:3:0.00112:7.43e-02:1.00e+00:5-2-2539-1132:1.00e+00:0:1.00e+00
chr7	55259515	.	T	G	.	PASS	Variant_dist=9;Vicinity=TGGGCTGGCCA	GT:DP:AC:AF:M_REF:M_AC:M_AF:Pval:FDR:Strand:FS:OAAC:MAL	./.:72:8480:0.008491:5798:45:0.007702:5.98e-05:9.59e-02:42-30-4350-4054:1.00e+00:4:1.00e+00
chr7	55259580	.	CT	C	.	FDR	Variant_dist=16;Vicinity=GGTGGCTTTAG	GT:DP:AC:AF:M_REF:M_AC:M_AF:Pval:FDR:Strand:FS:OAAC:MAL	./.:13:7426:0.001751:5173:1:0.000193:3.24e-02:1.00e+00:4-9-3302-4106:1.00e+00:5:1.00e+00
chr7	55259610	.	AG	A	.	FDR	Variant_dist=14;Vicinity=ACACCAGGGAC	GT:DP:AC:AF:M_REF:M_AC:M_AF:Pval:FDR:Strand:FS:OAAC:MAL	./.:12:5473:0.002193:3875:1:0.000258:2.80e-02:1.00e+00:3-9-1988-3470:1.00e+00:3:1.00e+00
