CHROM	POS	REF	ALT	DP_HQ	REF_COUNT	ALT_COUNT	AF	Multi_REF	Multi_ALT	Multi_AF	Pval	FDR	STRAND	FISHER	OAAC	MAL	Sequence_Context	Homopolymer	FILTER
chr7	124392512	C	T	8233	4601	3631	0.44103	3277	2608	0.443161	0.00e+00	0.00e+00	1934-1697-2431-2170	1.00e+00	1	1.00e+00	CTTTACATATG	0	PASS
chr7	55259515	T	G	8480	8404	72	0.008491	5798	45	0.007702	6.77e-05	1.09e-01	42-30-4350-4054	1.00e+00	4	1.00e+00	TGGGCTGGCCA	0	FDR
