CHROM	POS	REF	ALT	DP_HQ	REF_COUNT	ALT_COUNT	AF	Multi_REF	Multi_ALT	Multi_AF	Pval	FDR	STRAND	FISHER	OAAC	MAL	Sequence_Context	Homopolymer	FILTER
chr1	233448413	C	T	4945	1358	3585	0.724975	1021	2662	0.72278	0.00e+00	0.00e+00	1829-1756-746-612	1.00e+00	2	1.00e+00	AACTACACTCA	0	PASS
chr11	5709028	C	T	6060	3228	2832	0.467327	2280	1960	0.462264	0.00e+00	0.00e+00	1392-1440-1644-1584	1.00e+00	0	1.00e+00	CCAGACGAGAA	0	PASS
