#chr	start	end	ref	obs	CFDNA03_01_m_REF	CFDNA03_01_m_ALT	CFDNA03_01_m_AF	CFDNA03_01_p-value	CFDNA03_01_Strand	CFDNA03_01_Homopolymer	CFDNA03_01_filter	CFDNA04_01_m_REF	CFDNA04_01_m_ALT	CFDNA04_01_m_AF	CFDNA04_01_p-value	CFDNA04_01_Strand	CFDNA04_01_Homopolymer	CFDNA04_01_filter	CFDNA05_01_m_REF	CFDNA05_01_m_ALT	CFDNA05_01_m_AF	CFDNA05_01_p-value	CFDNA05_01_Strand	CFDNA05_01_Homopolymer	CFDNA05_01_filter	CFDNA06_01_m_REF	CFDNA06_01_m_ALT	CFDNA06_01_m_AF	CFDNA06_01_p-value	CFDNA06_01_Strand	CFDNA06_01_Homopolymer	CFDNA06_01_filter
chr1	752894	752894	T	C	10317	1071	0.09405	5.16e-11	718-848-6555-8139	0		5355	802	0.13026	6.73e-14	541-626-3587-3918	0		8032	1412	0.14951	9.62e-15	919-1079-5240-5881	0								
chr1	762273	762273	G	A	9673	928	0.08754	1.53e-10	729-617-6166-7476	0		4807	573	0.10651	1.04e-12	472-360-3081-3672	0		7171	1100	0.133	9.74e-14	863-657-4801-5045	0		2552	790	0.23639	0	1003-695-2657-2506	False	
chr1	762589	762589	G	C	11828	419	0.03421	3.28e-08	313-283-9331-7327	0		6453	350	0.05145	7.08e-10	236-256-5110-4005	0		10009	578	0.0546	3.68e-10	398-394-7485-6248	0		3743	483	0.11429	3.29e-25	499-490-3987-3162	False	
chr1	762592	762592	C	G	0	0	0		0-0-0-0	0	No_Coverage	0	0	0		0-0-0-0	0	No_Coverage	0	0	0		0-0-0-0	0	No_Coverage	0	0	0		0-0-0-0	False	No_Coverage
chr1	762601	762601	T	C	8160	966	0.10585	2.35e-11	530-832-5244-6158	0		5489	984	0.15202	7.71e-15	577-791-3363-3968	0		7480	1485	0.16564	3.43e-15	843-1226-4547-5715	0		3246	1434	0.30641	0	1027-1664-2486-3153	False	
chr1	792263	792263	A	G	12343	555	0.04303	8.74e-21	392-409-11168-6432	0		7207	510	0.06609	0	377-338-6269-3530	0		10330	884	0.07883	0	624-581-9018-5087	0		4337	580	0.11796	6.21e-52	694-438-5466-2974	False	
chr1	792480	792480	C	T	13118	1813	0.12143	5.8e-12	1451-1117-11030-7454	0		7192	1291	0.15219	4.65e-15	1037-752-6162-3874	0		11155	2376	0.1756	2.07e-15	1858-1362-9240-5956	0		4118	1807	0.30498	0	2065-1559-4705-3274	False	
chr1	866319	866319	G	A	8671	339	0.03763	1.67e-08	266-240-5478-6556	0		5414	339	0.05893	1.11e-10	221-251-3271-3770	0	Variant_Contamination	7415	534	0.06718	4.85e-11	399-360-4470-5462	0	Variant_Contamination	3248	459	0.12382	0	487-341-2514-3016	False	
chr1	866511	866511	-	CCCT	12205	572	0.04477	9.76e-09	503-330-9762-7438	0		7652	435	0.05379	6.05e-10	332-271-5922-4348	0		11080	782	0.06593	8.38e-11	648-437-8761-6402	0		4483	701	0.13522	8.2e-26	832-528-5090-3535	False	
chr1	871334	871334	G	T	0	0	0		0-0-0-0	0	No_Coverage	0	0	0		0-0-0-0	0	No_Coverage	0	0	0		0-0-0-0	0	No_Coverage	0	0	0		0-0-0-0	False	No_Coverage
chr1	876499	876499	A	G	8758	854	0.08885	1.29e-10	433-778-4716-7473	0	Clustered_Variant	5575	660	0.10585	8.47e-13	357-561-2785-4693	0		7915	1184	0.13012	6.99e-14	595-1046-4019-6673	0	Clustered_Variant	3284	1083	0.248	0	761-1433-2282-3930	False	
chr1	877715	877715	C	G	11424	557	0.04649	7.97e-09	352-416-6899-8942	0	Variant_Contamination	6609	421	0.05989	1.54e-10	238-365-4087-4995	0		10401	802	0.07159	5.08e-11	483-610-6133-7896	0								
chr1	877831	877831	T	C	9715	967	0.09053	9.9e-11	637-823-6551-8047	0		5892	871	0.12879	1.26e-13	512-730-3684-4887	0		8521	1499	0.1496	1.17e-14	939-1293-5835-6533	0								
chr1	879676	879676	G	A	11289	1029	0.08354	1.21e-10	528-949-5666-10237	0		6356	979	0.13347	5.82e-14	534-767-3381-5290	0		9156	1560	0.14558	2.17e-14	887-1268-4703-7663	0								
chr1	879687	879687	T	C	0	0	0		0-0-0-0	0	No_Coverage	0	0	0		0-0-0-0	0	No_Coverage	0	0	0		0-0-0-0	0	No_Coverage							
chr1	880238	880238	A	G	0	0	0		0-0-0-0	0	No_Coverage	0	0	0		0-0-0-0	0	No_Coverage	0	0	0		0-0-0-0	0	No_Coverage	0	0	0		0-0-0-0	False	No_Coverage
chr1	881627	881627	G	A	0	0	0		0-0-0-0	0	No_Coverage	0	0	0		0-0-0-0	0	No_Coverage	0	0	0		0-0-0-0	0	No_Coverage	0	0	0		0-0-0-0	False	No_Coverage
chr1	883625	883625	A	G	0	0	0		0-0-0-0	0	No_Coverage	0	0	0		0-0-0-0	0	No_Coverage	0	0	0		0-0-0-0	0	No_Coverage	0	0	0		0-0-0-0	False	No_Coverage
chr1	883899	883899	T	G	0	0	0		0-0-0-0	0	No_Coverage	0	0	0		0-0-0-0	0	No_Coverage	0	0	0		0-0-0-0	0	No_Coverage	0	0	0		0-0-0-0	False	No_Coverage
chr1	884091	884091	-	ACCCTGGTCCCCCTGGTCCCTTTGGCCCTGCACCTGGCTGG	0	0	0		0-0-0-0	0	No_Coverage	0	0	0		0-0-0-0	0	No_Coverage	0	0	0		0-0-0-0	0	No_Coverage	0	0	0		0-0-0-0	False	No_Coverage
chr1	884091	884091	C	G	0	0	0		0-0-0-0	0	No_Coverage	0	0	0		0-0-0-0	0	No_Coverage	0	0	0		0-0-0-0	0	No_Coverage	0	0	0		0-0-0-0	False	No_Coverage
chr1	887560	887560	A	C	12176	1230	0.09175	8.32e-11	504-1869-4797-18402	0		7810	1102	0.12365	1.22e-13	358-1773-2414-12519	0		9693	1568	0.13924	4.01e-14	689-2543-3619-16047	0		4977	1681	0.25248	0	643-3581-1833-10246	False	
chr1	887801	887801	A	G	0	0	0		0-0-0-0	0	No_Coverage	0	0	0		0-0-0-0	0	No_Coverage	0	0	0		0-0-0-0	0	No_Coverage	0	0	0		0-0-0-0	False	No_Coverage
chr1	888639	888639	T	C	11224	517	0.04403	1.06e-08	265-472-6474-9440	0		5975	418	0.06538	1.07e-10	258-310-3409-4757	0		8776	665	0.07044	5.71e-11	389-550-4855-7247	0		4283	594	0.1218	0	384-726-3134-5199	False	
chr1	888659	888659	G	-	0	0	0		0-0-0-0	0	No_Coverage	0	0	0		0-0-0-0	0	No_Coverage	0	0	0		0-0-0-0	0	No_Coverage	0	0	0		0-0-0-0	False	No_Coverage
chr1	889158	889158	G	C	12335	342	0.02698	7.77e-08	188-320-6167-11063	0		7046	285	0.03888	2.16e-09	160-259-3159-6499	0		11092	500	0.04313	9.64e-10	224-470-4933-9957	0		4511	430	0.08703	1.49e-24	250-617-2658-5773	False	
chr1	889159	889159	A	C	9828	435	0.04239	1.12e-25	272-327-5826-8348	0		5996	393	0.06151	3.4e-21	246-281-3198-5204	0		9138	625	0.06402	1.68e-24	429-481-5002-7871	0		3761	447	0.10623	0	407-452-2805-4603	False	
chr1	892745	892745	G	A	0	0	0		0-0-0-0	0	No_Coverage	0	0	0		0-0-0-0	0	No_Coverage	0	0	0		0-0-0-0	0	No_Coverage							
chr1	894573	894573	G	A	10958	952	0.07993	1.99e-10	485-900-5925-9475	0		6329	733	0.1038	1.55e-12	341-680-3348-5349	0		9074	1329	0.12775	1.04e-13	598-1237-4745-7679	0		3664	1078	0.22733	0	813-1398-2580-4346	False	
chr1	897325	897325	G	C	12550	383	0.02961	5.77e-08	228-342-8508-9051	0		6797	288	0.04065	1.04e-09	176-233-4721-4647	0		10729	452	0.04043	1.71e-09	249-374-6896-7650	0		3938	390	0.09011	2.79e-25	261-513-3581-3938	False	
mean	-1	-1			6552.4	464.3	0.039753667	1.1894172e-08		0		3798.4667	381.13333	0.054437	2.7160127e-10		0		5572.2333	644.5	0.062406333	1.8236444e-10		0		2256.0417	498.20833	0.10300208	1.5571429e-25			
median	-1	-1			8758	419	0.03763	1.53e-10		0		5414	350	0.05379	1.04e-12		0		7480	578	0.062406333	9.74e-14		0		3246	447	0.10300208	0			
