CHROM	POS	REF	ALT	Depth	REF_COUNT	ALT_COUNT	AF	Filter	Impact	Gene	Context	Score
chr10	103139440	C	G	245	209	32	0.1328	PASS	MODERATE	NT5C2	AAACACTTTAT	3.531
chr10	95067421	T	C	462	327	130	0.2845	PASS	MODERATE	CYP2C8	ACACTTGGCAG	3.138
chr10	128103237	G	C	571	480	86	0.1519	PASS	MODERATE	MKI67	GCGTGGTCTCC	2.608
chr10	68572915	T	A	417	351	62	0.1501	PASS	MODERATE	TET1	TTTGGTCCCAA	2.6
chr10	128107632	T	A	572	482	85	0.1499	PASS	MODERATE	MKI67	AGAGCTCCTTC	2.6
chr10	60071893	C	G	456	385	65	0.1444	PASS	MODERATE	ANK3	CTTGACTGGGA	2.578
chr10	63168063	C	G	339	285	48	0.1441	PASS	MODERATE	JMJD1C	ATATCCTCTAC	2.577
chr10	128108716	C	T	623	525	87	0.1422	PASS	MODERATE	MKI67	CTTGCCGACTG	2.569
chr10	128109346	G	A	518	442	72	0.1401	PASS	MODERATE	MKI67	CTGCCGTCTTA	2.56
chr10	128103483	C	T	505	430	69	0.1383	PASS	MODERATE	MKI67	TTGGCCGTCTC	2.553
chr10	95067273	C	T	554	468	75	0.1381	PASS	MODERATE	CYP2C8	TGCTCCTCTTC	2.552
chr10	128119296	T	C	312	268	41	0.1327	PASS	MODERATE	MKI67	TTCCATTCTGA	2.531
chr10	68573105	C	T	479	415	60	0.1263	PASS	MODERATE	TET1	AAGAGCAACCC	2.505
chr10	113165732	C	T	357	311	41	0.1165	PASS	LOW	TCF7L2	AAGCCCGACCC	2.466
chr10	68645784	A	G	348	307	39	0.1127	PASS	MODERATE	TET1	CCAATAAAAGT	2.451
chr10	95038992	T	C	500	438	55	0.1116	PASS	MODERATE	CYP2C8	ATTCTTTGTCA	2.446
chr10	68645782	A	G	347	304	38	0.1111	PASS	MODERATE	TET1	CACCAATAAAA	2.444
chr10	102504350	C	T	289	209	77	0.2692	PASS	OTHER	SUFU	GGCCGCGGGGA	2.077
chr10	128105201	A	G	645	535	101	0.1588	PASS	LOW	MKI67	TTCTCATGAGT	1.635
chr10	102627262	T	C	359	304	51	0.1437	PASS	OTHER	SUFU	ACTTTTCCTGA	1.575
chr10	68645480	G	A	416	355	57	0.1383	PASS	LOW	TET1	GATGAGGAATC	1.553
chr10	128102594	C	T	462	401	51	0.1128	PASS	LOW	MKI67	GGGACCGAGTC	1.451
chr10	103089711	G	A	454	398	49	0.1096	PASS	LOW	NT5C2	TCTTCGTCATG	1.438
chr10	94781859	G	A	107	95	10	0.0952	PASS	LOW	CYP2C19	TTCCCGGGAAC	1.381
chr10	48634610	C	T	299	210	86	0.2905	PASS	OTHER	ARHGAP22	TCTGTCTAGAC	1.162
chr10	58517789	A	C	263	211	51	0.1947	PASS	OTHER	BICC1	TTTGAAAATGA	0.779
chr10	44890598	T	C	366	308	57	0.1562	PASS	OTHER	TMEM72-AS1	GAAACTGATGG	0.625
chr10	101489279	A	G	354	302	45	0.1297	PASS	OTHER	BTRC	CAAGAATAAAA	0.519
chr10	116128914	C	T	252	230	15	0.0612	PASS	OTHER	GFRA1	CTAAACCAATT	0.245
chr10	68749117	T	C	294	253	34	0.1185	PASS	OTHER	CCAR1	GTTTTTTTCTT	-1.526
chr10	94733301	C	T	80	70	10	0.125	off-target	MODERATE	CYP2C18	GGGCACGACCA	2.5
chr10	87893929	A	G	77	54	21	0.28	off-target	OTHER	PTEN	GGAAAACTTTC	2.12
chr10	87961150	T	G	56	42	13	0.2364	off-target	OTHER	PTEN	GGTTGTTGACT	1.945
chr10	21733721	G	A	223	176	41	0.1889	off-target	OTHER	MLLT10	ACGCTGGGACT	1.756
chr10	113151971	C	A	123	103	19	0.1557	off-target	OTHER	TCF7L2	CTGTCCCCATT	1.623
chr10	103111604	A	G	75	62	11	0.1507	off-target	OTHER	NT5C2	TGCAGAGAAGT	1.603
chr10	103095899	T	C	194	162	27	0.1429	off-target	OTHER	NT5C2	ATTCATTGTTA	1.571
chr10	94842865	C	T	268	225	36	0.1379	off-target	LOW	CYP2C19	CGTGTCATTGG	1.552
chr10	103095913	G	A	221	186	29	0.1349	off-target	OTHER	NT5C2	AAGCAGTGGTC	1.54
chr10	103090875	G	A	326	277	42	0.1317	off-target	OTHER	NT5C2	ATCAGGAATGT	1.527
chr10	113089640	C	T	115	101	14	0.1217	off-target	OTHER	TCF7L2	CACTGCGATCC	1.487
chr10	27413240	C	T	255	226	24	0.096	off-target	LOW	PTCHD3	CTCTGCACGTC	1.384
chr10	48769674	C	G	486	347	134	0.2786	off-target	OTHER	WDFY4	TGAACCCAACA	1.114
chr10	95042841	A	T	178	127	46	0.2659	off-target	OTHER	CYP2C8	GCACTATGGAA	1.064
chr10	44890489	A	G	175	128	46	0.2644	off-target	OTHER	TMEM72-AS1	GATACAGGCAG	1.057
chr10	68644622	T	C	81	63	17	0.2125	off-target	OTHER	TET1	AGTTGTTATTA	0.85
chr10	95037104	G	A	224	176	46	0.2072	off-target	OTHER	CYP2C8	AGATCGGCAGC	0.829
chr10	120542850	G	A	173	136	34	0.2	off-target	OTHER	PLPP4	ATGGCGTCATC	0.8
chr10	60063351	A	G	51	41	10	0.1961	off-target	OTHER	ANK3	TGCTGACATTT	0.784
chr10	60067865	T	A	155	123	29	0.1908	off-target	OTHER	ANK3	TATATTGAACT	0.763
